D:\PhongTro\code\QLPhongTro\QlyPhongTroClient\qlptclient\src\main\java\com\minhtan\qlptclient\controller\AmenityController.java
D:\PhongTro\code\QLPhongTro\QlyPhongTroClient\qlptclient\src\main\java\com\minhtan\qlptclient\controller\BuildingController.java
D:\PhongTro\code\QLPhongTro\QlyPhongTroClient\qlptclient\src\main\java\com\minhtan\qlptclient\controller\CommissionController.java
D:\PhongTro\code\QLPhongTro\QlyPhongTroClient\qlptclient\src\main\java\com\minhtan\qlptclient\controller\DistrictController.java
D:\PhongTro\code\QLPhongTro\QlyPhongTroClient\qlptclient\src\main\java\com\minhtan\qlptclient\controller\HomeDashboardController.java
D:\PhongTro\code\QLPhongTro\QlyPhongTroClient\qlptclient\src\main\java\com\minhtan\qlptclient\controller\LandmarkController.java
D:\PhongTro\code\QLPhongTro\QlyPhongTroClient\qlptclient\src\main\java\com\minhtan\qlptclient\controller\LandmarkTypeController.java
D:\PhongTro\code\QLPhongTro\QlyPhongTroClient\qlptclient\src\main\java\com\minhtan\qlptclient\controller\MainController.java
D:\PhongTro\code\QLPhongTro\QlyPhongTroClient\qlptclient\src\main\java\com\minhtan\qlptclient\controller\RoomController.java
D:\PhongTro\code\QLPhongTro\QlyPhongTroClient\qlptclient\src\main\java\com\minhtan\qlptclient\controller\RoomMediaDialogController.java
D:\PhongTro\code\QLPhongTro\QlyPhongTroClient\qlptclient\src\main\java\com\minhtan\qlptclient\controller\RoomSaleOffController.java
D:\PhongTro\code\QLPhongTro\QlyPhongTroClient\qlptclient\src\main\java\com\minhtan\qlptclient\controller\SaleOffController.java
D:\PhongTro\code\QLPhongTro\QlyPhongTroClient\qlptclient\src\main\java\com\minhtan\qlptclient\controller\SearchRoomController.java
D:\PhongTro\code\QLPhongTro\QlyPhongTroClient\qlptclient\src\main\java\com\minhtan\qlptclient\controller\TypeRoomController.java
D:\PhongTro\code\QLPhongTro\QlyPhongTroClient\qlptclient\src\main\java\com\minhtan\qlptclient\entity\Amenity.java
D:\PhongTro\code\QLPhongTro\QlyPhongTroClient\qlptclient\src\main\java\com\minhtan\qlptclient\entity\Building.java
D:\PhongTro\code\QLPhongTro\QlyPhongTroClient\qlptclient\src\main\java\com\minhtan\qlptclient\entity\BuildingFee.java
D:\PhongTro\code\QLPhongTro\QlyPhongTroClient\qlptclient\src\main\java\com\minhtan\qlptclient\entity\Commission.java
D:\PhongTro\code\QLPhongTro\QlyPhongTroClient\qlptclient\src\main\java\com\minhtan\qlptclient\entity\District.java
D:\PhongTro\code\QLPhongTro\QlyPhongTroClient\qlptclient\src\main\java\com\minhtan\qlptclient\entity\Landmark.java
D:\PhongTro\code\QLPhongTro\QlyPhongTroClient\qlptclient\src\main\java\com\minhtan\qlptclient\entity\LandmarkType.java
D:\PhongTro\code\QLPhongTro\QlyPhongTroClient\qlptclient\src\main\java\com\minhtan\qlptclient\entity\Room.java
D:\PhongTro\code\QLPhongTro\QlyPhongTroClient\qlptclient\src\main\java\com\minhtan\qlptclient\entity\RoomAmenity.java
D:\PhongTro\code\QLPhongTro\QlyPhongTroClient\qlptclient\src\main\java\com\minhtan\qlptclient\entity\RoomMedia.java
D:\PhongTro\code\QLPhongTro\QlyPhongTroClient\qlptclient\src\main\java\com\minhtan\qlptclient\entity\RoomSaleOff.java
D:\PhongTro\code\QLPhongTro\QlyPhongTroClient\qlptclient\src\main\java\com\minhtan\qlptclient\entity\SaleOff.java
D:\PhongTro\code\QLPhongTro\QlyPhongTroClient\qlptclient\src\main\java\com\minhtan\qlptclient\entity\TypeRoom.java
D:\PhongTro\code\QLPhongTro\QlyPhongTroClient\qlptclient\src\main\java\com\minhtan\qlptclient\gui\AmenityGUI.java
D:\PhongTro\code\QLPhongTro\QlyPhongTroClient\qlptclient\src\main\java\com\minhtan\qlptclient\gui\BuildingGUI.java
D:\PhongTro\code\QLPhongTro\QlyPhongTroClient\qlptclient\src\main\java\com\minhtan\qlptclient\gui\CommissionGUI.java
D:\PhongTro\code\QLPhongTro\QlyPhongTroClient\qlptclient\src\main\java\com\minhtan\qlptclient\gui\DistrictGUI.java
D:\PhongTro\code\QLPhongTro\QlyPhongTroClient\qlptclient\src\main\java\com\minhtan\qlptclient\gui\HomeDashboardPane.java
D:\PhongTro\code\QLPhongTro\QlyPhongTroClient\qlptclient\src\main\java\com\minhtan\qlptclient\gui\LandmarkGUI.java
D:\PhongTro\code\QLPhongTro\QlyPhongTroClient\qlptclient\src\main\java\com\minhtan\qlptclient\gui\LandmarkTypeGUI.java
D:\PhongTro\code\QLPhongTro\QlyPhongTroClient\qlptclient\src\main\java\com\minhtan\qlptclient\gui\MainView.java
D:\PhongTro\code\QLPhongTro\QlyPhongTroClient\qlptclient\src\main\java\com\minhtan\qlptclient\gui\RoomGUI.java
D:\PhongTro\code\QLPhongTro\QlyPhongTroClient\qlptclient\src\main\java\com\minhtan\qlptclient\gui\RoomMediaDialog.java
D:\PhongTro\code\QLPhongTro\QlyPhongTroClient\qlptclient\src\main\java\com\minhtan\qlptclient\gui\RoomSaleOffGUI.java
D:\PhongTro\code\QLPhongTro\QlyPhongTroClient\qlptclient\src\main\java\com\minhtan\qlptclient\gui\SaleOffGUI.java
D:\PhongTro\code\QLPhongTro\QlyPhongTroClient\qlptclient\src\main\java\com\minhtan\qlptclient\gui\SearchRoomGUI.java
D:\PhongTro\code\QLPhongTro\QlyPhongTroClient\qlptclient\src\main\java\com\minhtan\qlptclient\gui\TypeRoomGUI.java
D:\PhongTro\code\QLPhongTro\QlyPhongTroClient\qlptclient\src\main\java\com\minhtan\qlptclient\Main.java
D:\PhongTro\code\QLPhongTro\QlyPhongTroClient\qlptclient\src\main\java\com\minhtan\qlptclient\service\ApiClient.java
D:\PhongTro\code\QLPhongTro\QlyPhongTroClient\qlptclient\src\main\java\com\minhtan\qlptclient\service\MethodAmenity.java
D:\PhongTro\code\QLPhongTro\QlyPhongTroClient\qlptclient\src\main\java\module-info.java
